---
source: src/parser.rs
expression: list
snapshot_kind: text
---
[
    Item {
        ip: "1.1.1.1",
        hosts: [
            Host {
                content: "1.com",
                enabled: false,
            },
            Host {
                content: "2.com",
                enabled: false,
            },
            Host {
                content: "3.com",
                enabled: false,
            },
            Host {
                content: "4.com",
                enabled: false,
            },
            Host {
                content: "5.com",
                enabled: false,
            },
            Host {
                content: "6.com",
                enabled: false,
            },
            Host {
                content: "7.com",
                enabled: false,
            },
            Host {
                content: "8.com",
                enabled: false,
            },
            Host {
                content: "9.com",
                enabled: false,
            },
            Host {
                content: "10.com",
                enabled: false,
            },
            Host {
                content: "a.com",
                enabled: true,
            },
            Host {
                content: "c.com",
                enabled: true,
            },
            Host {
                content: "b.com",
                enabled: true,
            },
            Host {
                content: "f.com",
                enabled: true,
            },
            Host {
                content: "e.com",
                enabled: true,
            },
            Host {
                content: "h.com",
                enabled: true,
            },
            Host {
                content: "g.com",
                enabled: true,
            },
            Host {
                content: "i.com",
                enabled: true,
            },
            Host {
                content: "k.com",
                enabled: true,
            },
            Host {
                content: "j.com",
                enabled: true,
            },
            Host {
                content: "l.com",
                enabled: true,
            },
            Host {
                content: "m.com",
                enabled: true,
            },
            Host {
                content: "n.com",
                enabled: true,
            },
            Host {
                content: "11.com",
                enabled: false,
            },
            Host {
                content: "12.com",
                enabled: false,
            },
        ],
        group: "System",
    },
    Item {
        ip: "2402:1200:4f00:1234:0000:5678:9abc:def0",
        hosts: [
            Host {
                content: "b.com",
                enabled: true,
            },
        ],
        group: "System",
    },
    Item {
        ip: "3.3.3.3",
        hosts: [
            Host {
                content: "a.com",
                enabled: true,
            },
            Host {
                content: "b.com",
                enabled: false,
            },
            Host {
                content: "e.com",
                enabled: true,
            },
        ],
        group: "foo",
    },
    Item {
        ip: "5.5.5.5",
        hosts: [
            Host {
                content: "a.com",
                enabled: true,
            },
        ],
        group: "foo",
    },
    Item {
        ip: "3.3.3.3",
        hosts: [
            Host {
                content: "c.com",
                enabled: true,
            },
        ],
        group: "System",
    },
    Item {
        ip: "5.5.5.5",
        hosts: [
            Host {
                content: "a.com",
                enabled: true,
            },
            Host {
                content: "c.com",
                enabled: true,
            },
        ],
        group: "System",
    },
]
