---
source: src/parser.rs
expression: groups
snapshot_kind: text
---
[
    Group {
        name: "System",
        text: "\n\n\n\n   #    comment  \n               \n#    1.1.1.1 1.com 2.com 3.com 4.com 5.com 6.com 7.com 8.com 9.com 10.com\n\n1.1.1.1 a.com    c.com     b.com f.com   #     ##     comment \n1.1.1.1   e.com h.com  g.com i.com  k.com j.com l.com m.com   n.com#     ##     comment \n\n# comment\n# comment\n# comment\n# comment\n# comment\n\n# 1.1.1.1 11.com 12.com\n\n\n           2402:1200:4f00:1234:0000:5678:9abc:def0   b.com  \n\n\n4.4.4.4    \n# 4.4.4.4 \n\n#[foo]    \n\n#[bar]\n  3.3.3.3 a.com\n\n  #   3.3.3.3 b.com\n#[bar]\n\n#[foo]      \n\n#abcdefg\n\n#[foo]\n3.3.3.3 e.com\n5.5.5.5 a.com\n#[foo]\n\n#[System]\n3.3.3.3 c.com\n#[System]\n\n#[baz]\n5.5.5.5 a.com\n\n#[foo]\n5.5.5.5 c.com\n#[foo]\n",
        list: [
            Item {
                ip: "1.1.1.1",
                hosts: [
                    Host {
                        content: "1.com",
                        enabled: false,
                    },
                    Host {
                        content: "2.com",
                        enabled: false,
                    },
                    Host {
                        content: "3.com",
                        enabled: false,
                    },
                    Host {
                        content: "4.com",
                        enabled: false,
                    },
                    Host {
                        content: "5.com",
                        enabled: false,
                    },
                    Host {
                        content: "6.com",
                        enabled: false,
                    },
                    Host {
                        content: "7.com",
                        enabled: false,
                    },
                    Host {
                        content: "8.com",
                        enabled: false,
                    },
                    Host {
                        content: "9.com",
                        enabled: false,
                    },
                    Host {
                        content: "10.com",
                        enabled: false,
                    },
                    Host {
                        content: "a.com",
                        enabled: true,
                    },
                    Host {
                        content: "c.com",
                        enabled: true,
                    },
                    Host {
                        content: "b.com",
                        enabled: true,
                    },
                    Host {
                        content: "f.com",
                        enabled: true,
                    },
                    Host {
                        content: "e.com",
                        enabled: true,
                    },
                    Host {
                        content: "h.com",
                        enabled: true,
                    },
                    Host {
                        content: "g.com",
                        enabled: true,
                    },
                    Host {
                        content: "i.com",
                        enabled: true,
                    },
                    Host {
                        content: "k.com",
                        enabled: true,
                    },
                    Host {
                        content: "j.com",
                        enabled: true,
                    },
                    Host {
                        content: "l.com",
                        enabled: true,
                    },
                    Host {
                        content: "m.com",
                        enabled: true,
                    },
                    Host {
                        content: "n.com",
                        enabled: true,
                    },
                    Host {
                        content: "11.com",
                        enabled: false,
                    },
                    Host {
                        content: "12.com",
                        enabled: false,
                    },
                ],
                group: "System",
            },
            Item {
                ip: "2402:1200:4f00:1234:0000:5678:9abc:def0",
                hosts: [
                    Host {
                        content: "b.com",
                        enabled: true,
                    },
                ],
                group: "System",
            },
            Item {
                ip: "3.3.3.3",
                hosts: [
                    Host {
                        content: "a.com",
                        enabled: true,
                    },
                    Host {
                        content: "b.com",
                        enabled: false,
                    },
                    Host {
                        content: "e.com",
                        enabled: true,
                    },
                ],
                group: "foo",
            },
            Item {
                ip: "5.5.5.5",
                hosts: [
                    Host {
                        content: "a.com",
                        enabled: true,
                    },
                ],
                group: "foo",
            },
            Item {
                ip: "3.3.3.3",
                hosts: [
                    Host {
                        content: "c.com",
                        enabled: true,
                    },
                ],
                group: "System",
            },
            Item {
                ip: "5.5.5.5",
                hosts: [
                    Host {
                        content: "a.com",
                        enabled: true,
                    },
                    Host {
                        content: "c.com",
                        enabled: true,
                    },
                ],
                group: "System",
            },
        ],
    },
    Group {
        name: "foo",
        text: "#[bar]\n3.3.3.3 a.com\n\n# 3.3.3.3 b.com\n#[bar]\n\n3.3.3.3 e.com\n5.5.5.5 a.com\n",
        list: [
            Item {
                ip: "3.3.3.3",
                hosts: [
                    Host {
                        content: "a.com",
                        enabled: true,
                    },
                    Host {
                        content: "b.com",
                        enabled: false,
                    },
                    Host {
                        content: "e.com",
                        enabled: true,
                    },
                ],
                group: "foo",
            },
            Item {
                ip: "5.5.5.5",
                hosts: [
                    Host {
                        content: "a.com",
                        enabled: true,
                    },
                ],
                group: "foo",
            },
        ],
    },
]
